apiVersion: v1
data:
  chained.crt: ""
  dhparam.pem: ""
  nginx.conf: ""
kind: ConfigMap
metadata:
  annotations: {}
  labels: {}
  name: proxy-config-7t5mhk6kg7
  namespace: test
