apiVersion: v1
kind: Service
metadata:
  name: prod-service
spec:
  ports:
  - port: 80
  selector:
    app: dummy
