apiVersion: v1
kind: Service
metadata:
  labels:
    app: nginx
  name: singleton
spec:
  ports:
  - port: 80
    protocol: TCP
    targetPort: 80
  selector:
    special: singleton
