apiVersion: v1
kind: Pod
metadata:
  name: test
  namespace: test
spec:
  containers:
  - image: bash
    name: test
  volumes:
  - configMap:
      name: config-9mk7dchmcb
    name: config
